Archive member included because of file (symbol)

/Users/mitch/pebble-dev/PebbleSDK-2.7/Pebble/lib/libpebble.a(tmpu_Elzfpebble.o)
                              src/main.c.8.o (app_event_loop)

Discarded input sections

 .text          0x0000000000000000        0x0 /Users/mitch/pebble-dev/PebbleSDK-2.7/arm-cs-tools/bin/../lib/gcc/arm-none-eabi/4.7.2/thumb2/crti.o
 .bss           0x0000000000000000        0x0 /Users/mitch/pebble-dev/PebbleSDK-2.7/arm-cs-tools/bin/../lib/gcc/arm-none-eabi/4.7.2/thumb2/crti.o
 .init          0x0000000000000000        0x4 /Users/mitch/pebble-dev/PebbleSDK-2.7/arm-cs-tools/bin/../lib/gcc/arm-none-eabi/4.7.2/thumb2/crti.o
 .fini          0x0000000000000000        0x4 /Users/mitch/pebble-dev/PebbleSDK-2.7/arm-cs-tools/bin/../lib/gcc/arm-none-eabi/4.7.2/thumb2/crti.o
 .text          0x0000000000000000       0xc8 /Users/mitch/pebble-dev/PebbleSDK-2.7/arm-cs-tools/bin/../lib/gcc/arm-none-eabi/4.7.2/thumb2/crtbegin.o
 .bss           0x0000000000000000       0x1c /Users/mitch/pebble-dev/PebbleSDK-2.7/arm-cs-tools/bin/../lib/gcc/arm-none-eabi/4.7.2/thumb2/crtbegin.o
 .init_array    0x0000000000000000        0x4 /Users/mitch/pebble-dev/PebbleSDK-2.7/arm-cs-tools/bin/../lib/gcc/arm-none-eabi/4.7.2/thumb2/crtbegin.o
 .fini_array    0x0000000000000000        0x4 /Users/mitch/pebble-dev/PebbleSDK-2.7/arm-cs-tools/bin/../lib/gcc/arm-none-eabi/4.7.2/thumb2/crtbegin.o
 .eh_frame      0x0000000000000000        0x0 /Users/mitch/pebble-dev/PebbleSDK-2.7/arm-cs-tools/bin/../lib/gcc/arm-none-eabi/4.7.2/thumb2/crtbegin.o
 .jcr           0x0000000000000000        0x0 /Users/mitch/pebble-dev/PebbleSDK-2.7/arm-cs-tools/bin/../lib/gcc/arm-none-eabi/4.7.2/thumb2/crtbegin.o
 .tm_clone_table
                0x0000000000000000        0x0 /Users/mitch/pebble-dev/PebbleSDK-2.7/arm-cs-tools/bin/../lib/gcc/arm-none-eabi/4.7.2/thumb2/crtbegin.o
 .text          0x0000000000000000        0x0 src/bus_detail.c.8.o
 .bss           0x0000000000000000        0x0 src/bus_detail.c.8.o
 .text          0x0000000000000000        0x0 src/main.c.8.o
 .bss           0x0000000000000000        0x0 src/main.c.8.o
 .text          0x0000000000000000        0x0 src/nearby_buses.c.8.o
 .bss           0x0000000000000000        0x0 src/nearby_buses.c.8.o
 .text          0x0000000000000000        0x0 src/nearby_stops.c.8.o
 .bss           0x0000000000000000        0x0 src/nearby_stops.c.8.o
 .text          0x0000000000000000        0x0 src/route_picker.c.8.o
 .bss           0x0000000000000000        0x0 src/route_picker.c.8.o
 .text.route_picker_window_unload
                0x0000000000000000       0x18 src/route_picker.c.8.o
 .text.route_picker_window_load
                0x0000000000000000       0x58 src/route_picker.c.8.o
 .text.route_picker_app_message_received
                0x0000000000000000       0x2c src/route_picker.c.8.o
 .text.push_route_picker_window
                0x0000000000000000       0x78 src/route_picker.c.8.o
 .bss.S         0x0000000000000000      0x2e4 src/route_picker.c.8.o
 .text          0x0000000000000000        0x0 appinfo.auto.c.8.o
 .bss           0x0000000000000000        0x0 appinfo.auto.c.8.o
 .bss           0x0000000000000000        0x0 /Users/mitch/pebble-dev/PebbleSDK-2.7/Pebble/lib/libpebble.a(tmpu_Elzfpebble.o)
 .text.accel_data_service_subscribe__deprecated
                0x0000000000000000        0xc /Users/mitch/pebble-dev/PebbleSDK-2.7/Pebble/lib/libpebble.a(tmpu_Elzfpebble.o)
 .text.accel_data_service_unsubscribe
                0x0000000000000000        0xc /Users/mitch/pebble-dev/PebbleSDK-2.7/Pebble/lib/libpebble.a(tmpu_Elzfpebble.o)
 .text.accel_service_peek
                0x0000000000000000        0xc /Users/mitch/pebble-dev/PebbleSDK-2.7/Pebble/lib/libpebble.a(tmpu_Elzfpebble.o)
 .text.accel_service_set_samples_per_update
                0x0000000000000000        0xc /Users/mitch/pebble-dev/PebbleSDK-2.7/Pebble/lib/libpebble.a(tmpu_Elzfpebble.o)
 .text.accel_service_set_sampling_rate
                0x0000000000000000        0xc /Users/mitch/pebble-dev/PebbleSDK-2.7/Pebble/lib/libpebble.a(tmpu_Elzfpebble.o)
 .text.accel_tap_service_subscribe
                0x0000000000000000        0xc /Users/mitch/pebble-dev/PebbleSDK-2.7/Pebble/lib/libpebble.a(tmpu_Elzfpebble.o)
 .text.accel_tap_service_unsubscribe
                0x0000000000000000        0xc /Users/mitch/pebble-dev/PebbleSDK-2.7/Pebble/lib/libpebble.a(tmpu_Elzfpebble.o)
 .text.action_bar_layer_add_to_window
                0x0000000000000000        0xc /Users/mitch/pebble-dev/PebbleSDK-2.7/Pebble/lib/libpebble.a(tmpu_Elzfpebble.o)
 .text.action_bar_layer_clear_icon
                0x0000000000000000        0xc /Users/mitch/pebble-dev/PebbleSDK-2.7/Pebble/lib/libpebble.a(tmpu_Elzfpebble.o)
 .text.action_bar_layer_create
                0x0000000000000000        0xc /Users/mitch/pebble-dev/PebbleSDK-2.7/Pebble/lib/libpebble.a(tmpu_Elzfpebble.o)
 .text.action_bar_layer_destroy
                0x0000000000000000        0xc /Users/mitch/pebble-dev/PebbleSDK-2.7/Pebble/lib/libpebble.a(tmpu_Elzfpebble.o)
 .text.action_bar_layer_get_layer
                0x0000000000000000        0xc /Users/mitch/pebble-dev/PebbleSDK-2.7/Pebble/lib/libpebble.a(tmpu_Elzfpebble.o)
 .text.action_bar_layer_remove_from_window
                0x0000000000000000        0xc /Users/mitch/pebble-dev/PebbleSDK-2.7/Pebble/lib/libpebble.a(tmpu_Elzfpebble.o)
 .text.action_bar_layer_set_background_color
                0x0000000000000000        0xc /Users/mitch/pebble-dev/PebbleSDK-2.7/Pebble/lib/libpebble.a(tmpu_Elzfpebble.o)
 .text.action_bar_layer_set_click_config_provider
                0x0000000000000000        0xc /Users/mitch/pebble-dev/PebbleSDK-2.7/Pebble/lib/libpebble.a(tmpu_Elzfpebble.o)
 .text.action_bar_layer_set_context
                0x0000000000000000        0xc /Users/mitch/pebble-dev/PebbleSDK-2.7/Pebble/lib/libpebble.a(tmpu_Elzfpebble.o)
 .text.action_bar_layer_set_icon
                0x0000000000000000        0xc /Users/mitch/pebble-dev/PebbleSDK-2.7/Pebble/lib/libpebble.a(tmpu_Elzfpebble.o)
 .text.animation_create
                0x0000000000000000        0xc /Users/mitch/pebble-dev/PebbleSDK-2.7/Pebble/lib/libpebble.a(tmpu_Elzfpebble.o)
 .text.animation_destroy
                0x0000000000000000        0xc /Users/mitch/pebble-dev/PebbleSDK-2.7/Pebble/lib/libpebble.a(tmpu_Elzfpebble.o)
 .text.animation_get_context
                0x0000000000000000        0xc /Users/mitch/pebble-dev/PebbleSDK-2.7/Pebble/lib/libpebble.a(tmpu_Elzfpebble.o)
 .text.animation_is_scheduled
                0x0000000000000000        0xc /Users/mitch/pebble-dev/PebbleSDK-2.7/Pebble/lib/libpebble.a(tmpu_Elzfpebble.o)
 .text.animation_schedule
                0x0000000000000000        0xc /Users/mitch/pebble-dev/PebbleSDK-2.7/Pebble/lib/libpebble.a(tmpu_Elzfpebble.o)
 .text.animation_set_curve
                0x0000000000000000        0xc /Users/mitch/pebble-dev/PebbleSDK-2.7/Pebble/lib/libpebble.a(tmpu_Elzfpebble.o)
 .text.animation_set_delay
                0x0000000000000000        0xc /Users/mitch/pebble-dev/PebbleSDK-2.7/Pebble/lib/libpebble.a(tmpu_Elzfpebble.o)
 .text.animation_set_duration
                0x0000000000000000        0xc /Users/mitch/pebble-dev/PebbleSDK-2.7/Pebble/lib/libpebble.a(tmpu_Elzfpebble.o)
 .text.animation_set_handlers
                0x0000000000000000        0xc /Users/mitch/pebble-dev/PebbleSDK-2.7/Pebble/lib/libpebble.a(tmpu_Elzfpebble.o)
 .text.animation_set_implementation
                0x0000000000000000        0xc /Users/mitch/pebble-dev/PebbleSDK-2.7/Pebble/lib/libpebble.a(tmpu_Elzfpebble.o)
 .text.animation_unschedule
                0x0000000000000000        0xc /Users/mitch/pebble-dev/PebbleSDK-2.7/Pebble/lib/libpebble.a(tmpu_Elzfpebble.o)
 .text.animation_unschedule_all
                0x0000000000000000        0xc /Users/mitch/pebble-dev/PebbleSDK-2.7/Pebble/lib/libpebble.a(tmpu_Elzfpebble.o)
 .text.app_comm_get_sniff_interval
                0x0000000000000000        0xc /Users/mitch/pebble-dev/PebbleSDK-2.7/Pebble/lib/libpebble.a(tmpu_Elzfpebble.o)
 .text.app_comm_set_sniff_interval
                0x0000000000000000        0xc /Users/mitch/pebble-dev/PebbleSDK-2.7/Pebble/lib/libpebble.a(tmpu_Elzfpebble.o)
 .text.app_sync_deinit
                0x0000000000000000        0xc /Users/mitch/pebble-dev/PebbleSDK-2.7/Pebble/lib/libpebble.a(tmpu_Elzfpebble.o)
 .text.app_sync_get
                0x0000000000000000        0xc /Users/mitch/pebble-dev/PebbleSDK-2.7/Pebble/lib/libpebble.a(tmpu_Elzfpebble.o)
 .text.app_sync_init
                0x0000000000000000        0xc /Users/mitch/pebble-dev/PebbleSDK-2.7/Pebble/lib/libpebble.a(tmpu_Elzfpebble.o)
 .text.app_sync_set
                0x0000000000000000        0xc /Users/mitch/pebble-dev/PebbleSDK-2.7/Pebble/lib/libpebble.a(tmpu_Elzfpebble.o)
 .text.app_timer_cancel
                0x0000000000000000        0xc /Users/mitch/pebble-dev/PebbleSDK-2.7/Pebble/lib/libpebble.a(tmpu_Elzfpebble.o)
 .text.app_timer_register
                0x0000000000000000        0xc /Users/mitch/pebble-dev/PebbleSDK-2.7/Pebble/lib/libpebble.a(tmpu_Elzfpebble.o)
 .text.app_timer_reschedule
                0x0000000000000000        0xc /Users/mitch/pebble-dev/PebbleSDK-2.7/Pebble/lib/libpebble.a(tmpu_Elzfpebble.o)
 .text.atan2_lookup
                0x0000000000000000        0xc /Users/mitch/pebble-dev/PebbleSDK-2.7/Pebble/lib/libpebble.a(tmpu_Elzfpebble.o)
 .text.atoi     0x0000000000000000        0xc /Users/mitch/pebble-dev/PebbleSDK-2.7/Pebble/lib/libpebble.a(tmpu_Elzfpebble.o)
 .text.atol     0x0000000000000000        0xc /Users/mitch/pebble-dev/PebbleSDK-2.7/Pebble/lib/libpebble.a(tmpu_Elzfpebble.o)
 .text.battery_state_service_peek
                0x0000000000000000        0xc /Users/mitch/pebble-dev/PebbleSDK-2.7/Pebble/lib/libpebble.a(tmpu_Elzfpebble.o)
 .text.battery_state_service_subscribe
                0x0000000000000000        0xc /Users/mitch/pebble-dev/PebbleSDK-2.7/Pebble/lib/libpebble.a(tmpu_Elzfpebble.o)
 .text.battery_state_service_unsubscribe
                0x0000000000000000        0xc /Users/mitch/pebble-dev/PebbleSDK-2.7/Pebble/lib/libpebble.a(tmpu_Elzfpebble.o)
 .text.bitmap_layer_create
                0x0000000000000000        0xc /Users/mitch/pebble-dev/PebbleSDK-2.7/Pebble/lib/libpebble.a(tmpu_Elzfpebble.o)
 .text.bitmap_layer_destroy
                0x0000000000000000        0xc /Users/mitch/pebble-dev/PebbleSDK-2.7/Pebble/lib/libpebble.a(tmpu_Elzfpebble.o)
 .text.bitmap_layer_get_layer
                0x0000000000000000        0xc /Users/mitch/pebble-dev/PebbleSDK-2.7/Pebble/lib/libpebble.a(tmpu_Elzfpebble.o)
 .text.bitmap_layer_set_alignment
                0x0000000000000000        0xc /Users/mitch/pebble-dev/PebbleSDK-2.7/Pebble/lib/libpebble.a(tmpu_Elzfpebble.o)
 .text.bitmap_layer_set_background_color
                0x0000000000000000        0xc /Users/mitch/pebble-dev/PebbleSDK-2.7/Pebble/lib/libpebble.a(tmpu_Elzfpebble.o)
 .text.bitmap_layer_set_bitmap
                0x0000000000000000        0xc /Users/mitch/pebble-dev/PebbleSDK-2.7/Pebble/lib/libpebble.a(tmpu_Elzfpebble.o)
 .text.bitmap_layer_set_compositing_mode
                0x0000000000000000        0xc /Users/mitch/pebble-dev/PebbleSDK-2.7/Pebble/lib/libpebble.a(tmpu_Elzfpebble.o)
 .text.bluetooth_connection_service_peek
                0x0000000000000000        0xc /Users/mitch/pebble-dev/PebbleSDK-2.7/Pebble/lib/libpebble.a(tmpu_Elzfpebble.o)
 .text.bluetooth_connection_service_subscribe
                0x0000000000000000        0xc /Users/mitch/pebble-dev/PebbleSDK-2.7/Pebble/lib/libpebble.a(tmpu_Elzfpebble.o)
 .text.bluetooth_connection_service_unsubscribe
                0x0000000000000000        0xc /Users/mitch/pebble-dev/PebbleSDK-2.7/Pebble/lib/libpebble.a(tmpu_Elzfpebble.o)
 .text.click_number_of_clicks_counted
                0x0000000000000000        0xc /Users/mitch/pebble-dev/PebbleSDK-2.7/Pebble/lib/libpebble.a(tmpu_Elzfpebble.o)
 .text.click_recognizer_get_button_id
                0x0000000000000000        0xc /Users/mitch/pebble-dev/PebbleSDK-2.7/Pebble/lib/libpebble.a(tmpu_Elzfpebble.o)
 .text.clock_copy_time_string
                0x0000000000000000        0xc /Users/mitch/pebble-dev/PebbleSDK-2.7/Pebble/lib/libpebble.a(tmpu_Elzfpebble.o)
 .text.clock_is_24h_style
                0x0000000000000000        0xc /Users/mitch/pebble-dev/PebbleSDK-2.7/Pebble/lib/libpebble.a(tmpu_Elzfpebble.o)
 .text.cos_lookup
                0x0000000000000000        0xc /Users/mitch/pebble-dev/PebbleSDK-2.7/Pebble/lib/libpebble.a(tmpu_Elzfpebble.o)
 .text.data_logging_create
                0x0000000000000000        0xc /Users/mitch/pebble-dev/PebbleSDK-2.7/Pebble/lib/libpebble.a(tmpu_Elzfpebble.o)
 .text.data_logging_finish
                0x0000000000000000        0xc /Users/mitch/pebble-dev/PebbleSDK-2.7/Pebble/lib/libpebble.a(tmpu_Elzfpebble.o)
 .text.data_logging_log
                0x0000000000000000        0xc /Users/mitch/pebble-dev/PebbleSDK-2.7/Pebble/lib/libpebble.a(tmpu_Elzfpebble.o)
 .text.dict_calc_buffer_size
                0x0000000000000000        0xc /Users/mitch/pebble-dev/PebbleSDK-2.7/Pebble/lib/libpebble.a(tmpu_Elzfpebble.o)
 .text.dict_calc_buffer_size_from_tuplets
                0x0000000000000000        0xc /Users/mitch/pebble-dev/PebbleSDK-2.7/Pebble/lib/libpebble.a(tmpu_Elzfpebble.o)
 .text.dict_find
                0x0000000000000000        0xc /Users/mitch/pebble-dev/PebbleSDK-2.7/Pebble/lib/libpebble.a(tmpu_Elzfpebble.o)
 .text.dict_merge
                0x0000000000000000        0xc /Users/mitch/pebble-dev/PebbleSDK-2.7/Pebble/lib/libpebble.a(tmpu_Elzfpebble.o)
 .text.dict_read_begin_from_buffer
                0x0000000000000000        0xc /Users/mitch/pebble-dev/PebbleSDK-2.7/Pebble/lib/libpebble.a(tmpu_Elzfpebble.o)
 .text.dict_serialize_tuplets
                0x0000000000000000        0xc /Users/mitch/pebble-dev/PebbleSDK-2.7/Pebble/lib/libpebble.a(tmpu_Elzfpebble.o)
 .text.dict_serialize_tuplets_to_buffer__deprecated
                0x0000000000000000        0xc /Users/mitch/pebble-dev/PebbleSDK-2.7/Pebble/lib/libpebble.a(tmpu_Elzfpebble.o)
 .text.dict_serialize_tuplets_to_buffer_with_iter
                0x0000000000000000        0xc /Users/mitch/pebble-dev/PebbleSDK-2.7/Pebble/lib/libpebble.a(tmpu_Elzfpebble.o)
 .text.dict_write_begin
                0x0000000000000000        0xc /Users/mitch/pebble-dev/PebbleSDK-2.7/Pebble/lib/libpebble.a(tmpu_Elzfpebble.o)
 .text.dict_write_data
                0x0000000000000000        0xc /Users/mitch/pebble-dev/PebbleSDK-2.7/Pebble/lib/libpebble.a(tmpu_Elzfpebble.o)
 .text.dict_write_end
                0x0000000000000000        0xc /Users/mitch/pebble-dev/PebbleSDK-2.7/Pebble/lib/libpebble.a(tmpu_Elzfpebble.o)
 .text.dict_write_int
                0x0000000000000000        0xc /Users/mitch/pebble-dev/PebbleSDK-2.7/Pebble/lib/libpebble.a(tmpu_Elzfpebble.o)
 .text.dict_write_int16
                0x0000000000000000        0xc /Users/mitch/pebble-dev/PebbleSDK-2.7/Pebble/lib/libpebble.a(tmpu_Elzfpebble.o)
 .text.dict_write_int32
                0x0000000000000000        0xc /Users/mitch/pebble-dev/PebbleSDK-2.7/Pebble/lib/libpebble.a(tmpu_Elzfpebble.o)
 .text.dict_write_int8
                0x0000000000000000        0xc /Users/mitch/pebble-dev/PebbleSDK-2.7/Pebble/lib/libpebble.a(tmpu_Elzfpebble.o)
 .text.dict_write_tuplet
                0x0000000000000000        0xc /Users/mitch/pebble-dev/PebbleSDK-2.7/Pebble/lib/libpebble.a(tmpu_Elzfpebble.o)
 .text.dict_write_uint16
                0x0000000000000000        0xc /Users/mitch/pebble-dev/PebbleSDK-2.7/Pebble/lib/libpebble.a(tmpu_Elzfpebble.o)
 .text.dict_write_uint32
                0x0000000000000000        0xc /Users/mitch/pebble-dev/PebbleSDK-2.7/Pebble/lib/libpebble.a(tmpu_Elzfpebble.o)
 .text.fonts_get_system_font
                0x0000000000000000        0xc /Users/mitch/pebble-dev/PebbleSDK-2.7/Pebble/lib/libpebble.a(tmpu_Elzfpebble.o)
 .text.fonts_load_custom_font
                0x0000000000000000        0xc /Users/mitch/pebble-dev/PebbleSDK-2.7/Pebble/lib/libpebble.a(tmpu_Elzfpebble.o)
 .text.fonts_unload_custom_font
                0x0000000000000000        0xc /Users/mitch/pebble-dev/PebbleSDK-2.7/Pebble/lib/libpebble.a(tmpu_Elzfpebble.o)
 .text.free     0x0000000000000000        0xc /Users/mitch/pebble-dev/PebbleSDK-2.7/Pebble/lib/libpebble.a(tmpu_Elzfpebble.o)
 .text.gbitmap_create_as_sub_bitmap
                0x0000000000000000        0xc /Users/mitch/pebble-dev/PebbleSDK-2.7/Pebble/lib/libpebble.a(tmpu_Elzfpebble.o)
 .text.gbitmap_create_with_data
                0x0000000000000000        0xc /Users/mitch/pebble-dev/PebbleSDK-2.7/Pebble/lib/libpebble.a(tmpu_Elzfpebble.o)
 .text.gbitmap_create_with_resource
                0x0000000000000000        0xc /Users/mitch/pebble-dev/PebbleSDK-2.7/Pebble/lib/libpebble.a(tmpu_Elzfpebble.o)
 .text.gbitmap_destroy
                0x0000000000000000        0xc /Users/mitch/pebble-dev/PebbleSDK-2.7/Pebble/lib/libpebble.a(tmpu_Elzfpebble.o)
 .text.gmtime   0x0000000000000000        0xc /Users/mitch/pebble-dev/PebbleSDK-2.7/Pebble/lib/libpebble.a(tmpu_Elzfpebble.o)
 .text.gpath_create
                0x0000000000000000        0xc /Users/mitch/pebble-dev/PebbleSDK-2.7/Pebble/lib/libpebble.a(tmpu_Elzfpebble.o)
 .text.gpath_destroy
                0x0000000000000000        0xc /Users/mitch/pebble-dev/PebbleSDK-2.7/Pebble/lib/libpebble.a(tmpu_Elzfpebble.o)
 .text.gpath_draw_filled_legacy
                0x0000000000000000        0xc /Users/mitch/pebble-dev/PebbleSDK-2.7/Pebble/lib/libpebble.a(tmpu_Elzfpebble.o)
 .text.gpath_draw_outline
                0x0000000000000000        0xc /Users/mitch/pebble-dev/PebbleSDK-2.7/Pebble/lib/libpebble.a(tmpu_Elzfpebble.o)
 .text.gpath_move_to
                0x0000000000000000        0xc /Users/mitch/pebble-dev/PebbleSDK-2.7/Pebble/lib/libpebble.a(tmpu_Elzfpebble.o)
 .text.gpath_rotate_to
                0x0000000000000000        0xc /Users/mitch/pebble-dev/PebbleSDK-2.7/Pebble/lib/libpebble.a(tmpu_Elzfpebble.o)
 .text.gpoint_equal
                0x0000000000000000        0xc /Users/mitch/pebble-dev/PebbleSDK-2.7/Pebble/lib/libpebble.a(tmpu_Elzfpebble.o)
 .text.graphics_context_set_compositing_mode
                0x0000000000000000        0xc /Users/mitch/pebble-dev/PebbleSDK-2.7/Pebble/lib/libpebble.a(tmpu_Elzfpebble.o)
 .text.graphics_context_set_fill_color
                0x0000000000000000        0xc /Users/mitch/pebble-dev/PebbleSDK-2.7/Pebble/lib/libpebble.a(tmpu_Elzfpebble.o)
 .text.graphics_context_set_stroke_color
                0x0000000000000000        0xc /Users/mitch/pebble-dev/PebbleSDK-2.7/Pebble/lib/libpebble.a(tmpu_Elzfpebble.o)
 .text.graphics_context_set_text_color
                0x0000000000000000        0xc /Users/mitch/pebble-dev/PebbleSDK-2.7/Pebble/lib/libpebble.a(tmpu_Elzfpebble.o)
 .text.graphics_draw_bitmap_in_rect
                0x0000000000000000        0xc /Users/mitch/pebble-dev/PebbleSDK-2.7/Pebble/lib/libpebble.a(tmpu_Elzfpebble.o)
 .text.graphics_draw_circle
                0x0000000000000000        0xc /Users/mitch/pebble-dev/PebbleSDK-2.7/Pebble/lib/libpebble.a(tmpu_Elzfpebble.o)
 .text.graphics_draw_line
                0x0000000000000000        0xc /Users/mitch/pebble-dev/PebbleSDK-2.7/Pebble/lib/libpebble.a(tmpu_Elzfpebble.o)
 .text.graphics_draw_pixel
                0x0000000000000000        0xc /Users/mitch/pebble-dev/PebbleSDK-2.7/Pebble/lib/libpebble.a(tmpu_Elzfpebble.o)
 .text.graphics_draw_rect
                0x0000000000000000        0xc /Users/mitch/pebble-dev/PebbleSDK-2.7/Pebble/lib/libpebble.a(tmpu_Elzfpebble.o)
 .text.graphics_draw_round_rect
                0x0000000000000000        0xc /Users/mitch/pebble-dev/PebbleSDK-2.7/Pebble/lib/libpebble.a(tmpu_Elzfpebble.o)
 .text.graphics_fill_circle
                0x0000000000000000        0xc /Users/mitch/pebble-dev/PebbleSDK-2.7/Pebble/lib/libpebble.a(tmpu_Elzfpebble.o)
 .text.graphics_fill_rect
                0x0000000000000000        0xc /Users/mitch/pebble-dev/PebbleSDK-2.7/Pebble/lib/libpebble.a(tmpu_Elzfpebble.o)
 .text.graphics_text_layout_get_max_used_size
                0x0000000000000000        0xc /Users/mitch/pebble-dev/PebbleSDK-2.7/Pebble/lib/libpebble.a(tmpu_Elzfpebble.o)
 .text.grect_align
                0x0000000000000000        0xc /Users/mitch/pebble-dev/PebbleSDK-2.7/Pebble/lib/libpebble.a(tmpu_Elzfpebble.o)
 .text.grect_center_point
                0x0000000000000000        0xc /Users/mitch/pebble-dev/PebbleSDK-2.7/Pebble/lib/libpebble.a(tmpu_Elzfpebble.o)
 .text.grect_clip
                0x0000000000000000        0xc /Users/mitch/pebble-dev/PebbleSDK-2.7/Pebble/lib/libpebble.a(tmpu_Elzfpebble.o)
 .text.grect_contains_point
                0x0000000000000000        0xc /Users/mitch/pebble-dev/PebbleSDK-2.7/Pebble/lib/libpebble.a(tmpu_Elzfpebble.o)
 .text.grect_crop
                0x0000000000000000        0xc /Users/mitch/pebble-dev/PebbleSDK-2.7/Pebble/lib/libpebble.a(tmpu_Elzfpebble.o)
 .text.grect_equal
                0x0000000000000000        0xc /Users/mitch/pebble-dev/PebbleSDK-2.7/Pebble/lib/libpebble.a(tmpu_Elzfpebble.o)
 .text.grect_is_empty
                0x0000000000000000        0xc /Users/mitch/pebble-dev/PebbleSDK-2.7/Pebble/lib/libpebble.a(tmpu_Elzfpebble.o)
 .text.grect_standardize
                0x0000000000000000        0xc /Users/mitch/pebble-dev/PebbleSDK-2.7/Pebble/lib/libpebble.a(tmpu_Elzfpebble.o)
 .text.gsize_equal
                0x0000000000000000        0xc /Users/mitch/pebble-dev/PebbleSDK-2.7/Pebble/lib/libpebble.a(tmpu_Elzfpebble.o)
 .text.inverter_layer_create
                0x0000000000000000        0xc /Users/mitch/pebble-dev/PebbleSDK-2.7/Pebble/lib/libpebble.a(tmpu_Elzfpebble.o)
 .text.inverter_layer_destroy
                0x0000000000000000        0xc /Users/mitch/pebble-dev/PebbleSDK-2.7/Pebble/lib/libpebble.a(tmpu_Elzfpebble.o)
 .text.inverter_layer_get_layer
                0x0000000000000000        0xc /Users/mitch/pebble-dev/PebbleSDK-2.7/Pebble/lib/libpebble.a(tmpu_Elzfpebble.o)
 .text.layer_create
                0x0000000000000000        0xc /Users/mitch/pebble-dev/PebbleSDK-2.7/Pebble/lib/libpebble.a(tmpu_Elzfpebble.o)
 .text.layer_create_with_data
                0x0000000000000000        0xc /Users/mitch/pebble-dev/PebbleSDK-2.7/Pebble/lib/libpebble.a(tmpu_Elzfpebble.o)
 .text.layer_destroy
                0x0000000000000000        0xc /Users/mitch/pebble-dev/PebbleSDK-2.7/Pebble/lib/libpebble.a(tmpu_Elzfpebble.o)
 .text.layer_get_clips
                0x0000000000000000        0xc /Users/mitch/pebble-dev/PebbleSDK-2.7/Pebble/lib/libpebble.a(tmpu_Elzfpebble.o)
 .text.layer_get_data
                0x0000000000000000        0xc /Users/mitch/pebble-dev/PebbleSDK-2.7/Pebble/lib/libpebble.a(tmpu_Elzfpebble.o)
 .text.layer_get_frame
                0x0000000000000000        0xc /Users/mitch/pebble-dev/PebbleSDK-2.7/Pebble/lib/libpebble.a(tmpu_Elzfpebble.o)
 .text.layer_get_hidden
                0x0000000000000000        0xc /Users/mitch/pebble-dev/PebbleSDK-2.7/Pebble/lib/libpebble.a(tmpu_Elzfpebble.o)
 .text.layer_get_window
                0x0000000000000000        0xc /Users/mitch/pebble-dev/PebbleSDK-2.7/Pebble/lib/libpebble.a(tmpu_Elzfpebble.o)
 .text.layer_insert_above_sibling
                0x0000000000000000        0xc /Users/mitch/pebble-dev/PebbleSDK-2.7/Pebble/lib/libpebble.a(tmpu_Elzfpebble.o)
 .text.layer_insert_below_sibling
                0x0000000000000000        0xc /Users/mitch/pebble-dev/PebbleSDK-2.7/Pebble/lib/libpebble.a(tmpu_Elzfpebble.o)
 .text.layer_remove_child_layers
                0x0000000000000000        0xc /Users/mitch/pebble-dev/PebbleSDK-2.7/Pebble/lib/libpebble.a(tmpu_Elzfpebble.o)
 .text.layer_remove_from_parent
                0x0000000000000000        0xc /Users/mitch/pebble-dev/PebbleSDK-2.7/Pebble/lib/libpebble.a(tmpu_Elzfpebble.o)
 .text.layer_set_bounds
                0x0000000000000000        0xc /Users/mitch/pebble-dev/PebbleSDK-2.7/Pebble/lib/libpebble.a(tmpu_Elzfpebble.o)
 .text.layer_set_clips
                0x0000000000000000        0xc /Users/mitch/pebble-dev/PebbleSDK-2.7/Pebble/lib/libpebble.a(tmpu_Elzfpebble.o)
 .text.layer_set_frame
                0x0000000000000000        0xc /Users/mitch/pebble-dev/PebbleSDK-2.7/Pebble/lib/libpebble.a(tmpu_Elzfpebble.o)
 .text.layer_set_hidden
                0x0000000000000000        0xc /Users/mitch/pebble-dev/PebbleSDK-2.7/Pebble/lib/libpebble.a(tmpu_Elzfpebble.o)
 .text.layer_set_update_proc
                0x0000000000000000        0xc /Users/mitch/pebble-dev/PebbleSDK-2.7/Pebble/lib/libpebble.a(tmpu_Elzfpebble.o)
 .text.light_enable
                0x0000000000000000        0xc /Users/mitch/pebble-dev/PebbleSDK-2.7/Pebble/lib/libpebble.a(tmpu_Elzfpebble.o)
 .text.light_enable_interaction
                0x0000000000000000        0xc /Users/mitch/pebble-dev/PebbleSDK-2.7/Pebble/lib/libpebble.a(tmpu_Elzfpebble.o)
 .text.localtime
                0x0000000000000000        0xc /Users/mitch/pebble-dev/PebbleSDK-2.7/Pebble/lib/libpebble.a(tmpu_Elzfpebble.o)
 .text.malloc   0x0000000000000000        0xc /Users/mitch/pebble-dev/PebbleSDK-2.7/Pebble/lib/libpebble.a(tmpu_Elzfpebble.o)
 .text.memcpy   0x0000000000000000        0xc /Users/mitch/pebble-dev/PebbleSDK-2.7/Pebble/lib/libpebble.a(tmpu_Elzfpebble.o)
 .text.memmove  0x0000000000000000        0xc /Users/mitch/pebble-dev/PebbleSDK-2.7/Pebble/lib/libpebble.a(tmpu_Elzfpebble.o)
 .text.menu_cell_basic_draw
                0x0000000000000000        0xc /Users/mitch/pebble-dev/PebbleSDK-2.7/Pebble/lib/libpebble.a(tmpu_Elzfpebble.o)
 .text.menu_cell_basic_header_draw
                0x0000000000000000        0xc /Users/mitch/pebble-dev/PebbleSDK-2.7/Pebble/lib/libpebble.a(tmpu_Elzfpebble.o)
 .text.menu_cell_title_draw
                0x0000000000000000        0xc /Users/mitch/pebble-dev/PebbleSDK-2.7/Pebble/lib/libpebble.a(tmpu_Elzfpebble.o)
 .text.menu_index_compare
                0x0000000000000000        0xc /Users/mitch/pebble-dev/PebbleSDK-2.7/Pebble/lib/libpebble.a(tmpu_Elzfpebble.o)
 .text.menu_layer_create
                0x0000000000000000        0xc /Users/mitch/pebble-dev/PebbleSDK-2.7/Pebble/lib/libpebble.a(tmpu_Elzfpebble.o)
 .text.menu_layer_destroy
                0x0000000000000000        0xc /Users/mitch/pebble-dev/PebbleSDK-2.7/Pebble/lib/libpebble.a(tmpu_Elzfpebble.o)
 .text.menu_layer_get_layer
                0x0000000000000000        0xc /Users/mitch/pebble-dev/PebbleSDK-2.7/Pebble/lib/libpebble.a(tmpu_Elzfpebble.o)
 .text.menu_layer_get_scroll_layer
                0x0000000000000000        0xc /Users/mitch/pebble-dev/PebbleSDK-2.7/Pebble/lib/libpebble.a(tmpu_Elzfpebble.o)
 .text.menu_layer_get_selected_index
                0x0000000000000000        0xc /Users/mitch/pebble-dev/PebbleSDK-2.7/Pebble/lib/libpebble.a(tmpu_Elzfpebble.o)
 .text.menu_layer_reload_data
                0x0000000000000000        0xc /Users/mitch/pebble-dev/PebbleSDK-2.7/Pebble/lib/libpebble.a(tmpu_Elzfpebble.o)
 .text.menu_layer_set_callbacks__deprecated
                0x0000000000000000        0xc /Users/mitch/pebble-dev/PebbleSDK-2.7/Pebble/lib/libpebble.a(tmpu_Elzfpebble.o)
 .text.menu_layer_set_click_config_onto_window
                0x0000000000000000        0xc /Users/mitch/pebble-dev/PebbleSDK-2.7/Pebble/lib/libpebble.a(tmpu_Elzfpebble.o)
 .text.menu_layer_set_selected_index
                0x0000000000000000        0xc /Users/mitch/pebble-dev/PebbleSDK-2.7/Pebble/lib/libpebble.a(tmpu_Elzfpebble.o)
 .text.menu_layer_set_selected_next
                0x0000000000000000        0xc /Users/mitch/pebble-dev/PebbleSDK-2.7/Pebble/lib/libpebble.a(tmpu_Elzfpebble.o)
 .text.number_window_create
                0x0000000000000000        0xc /Users/mitch/pebble-dev/PebbleSDK-2.7/Pebble/lib/libpebble.a(tmpu_Elzfpebble.o)
 .text.number_window_destroy
                0x0000000000000000        0xc /Users/mitch/pebble-dev/PebbleSDK-2.7/Pebble/lib/libpebble.a(tmpu_Elzfpebble.o)
 .text.number_window_get_value
                0x0000000000000000        0xc /Users/mitch/pebble-dev/PebbleSDK-2.7/Pebble/lib/libpebble.a(tmpu_Elzfpebble.o)
 .text.number_window_set_label
                0x0000000000000000        0xc /Users/mitch/pebble-dev/PebbleSDK-2.7/Pebble/lib/libpebble.a(tmpu_Elzfpebble.o)
 .text.number_window_set_max
                0x0000000000000000        0xc /Users/mitch/pebble-dev/PebbleSDK-2.7/Pebble/lib/libpebble.a(tmpu_Elzfpebble.o)
 .text.number_window_set_min
                0x0000000000000000        0xc /Users/mitch/pebble-dev/PebbleSDK-2.7/Pebble/lib/libpebble.a(tmpu_Elzfpebble.o)
 .text.number_window_set_step_size
                0x0000000000000000        0xc /Users/mitch/pebble-dev/PebbleSDK-2.7/Pebble/lib/libpebble.a(tmpu_Elzfpebble.o)
 .text.number_window_set_value
                0x0000000000000000        0xc /Users/mitch/pebble-dev/PebbleSDK-2.7/Pebble/lib/libpebble.a(tmpu_Elzfpebble.o)
 .text.persist_delete
                0x0000000000000000        0xc /Users/mitch/pebble-dev/PebbleSDK-2.7/Pebble/lib/libpebble.a(tmpu_Elzfpebble.o)
 .text.persist_exists
                0x0000000000000000        0xc /Users/mitch/pebble-dev/PebbleSDK-2.7/Pebble/lib/libpebble.a(tmpu_Elzfpebble.o)
 .text.persist_get_size
                0x0000000000000000        0xc /Users/mitch/pebble-dev/PebbleSDK-2.7/Pebble/lib/libpebble.a(tmpu_Elzfpebble.o)
 .text.persist_read_bool
                0x0000000000000000        0xc /Users/mitch/pebble-dev/PebbleSDK-2.7/Pebble/lib/libpebble.a(tmpu_Elzfpebble.o)
 .text.persist_read_data__deprecated
                0x0000000000000000        0xc /Users/mitch/pebble-dev/PebbleSDK-2.7/Pebble/lib/libpebble.a(tmpu_Elzfpebble.o)
 .text.persist_read_int
                0x0000000000000000        0xc /Users/mitch/pebble-dev/PebbleSDK-2.7/Pebble/lib/libpebble.a(tmpu_Elzfpebble.o)
 .text.persist_read_string__deprecated
                0x0000000000000000        0xc /Users/mitch/pebble-dev/PebbleSDK-2.7/Pebble/lib/libpebble.a(tmpu_Elzfpebble.o)
 .text.persist_write_bool
                0x0000000000000000        0xc /Users/mitch/pebble-dev/PebbleSDK-2.7/Pebble/lib/libpebble.a(tmpu_Elzfpebble.o)
 .text.persist_write_data__deprecated
                0x0000000000000000        0xc /Users/mitch/pebble-dev/PebbleSDK-2.7/Pebble/lib/libpebble.a(tmpu_Elzfpebble.o)
 .text.persist_write_int
                0x0000000000000000        0xc /Users/mitch/pebble-dev/PebbleSDK-2.7/Pebble/lib/libpebble.a(tmpu_Elzfpebble.o)
 .text.persist_write_string
                0x0000000000000000        0xc /Users/mitch/pebble-dev/PebbleSDK-2.7/Pebble/lib/libpebble.a(tmpu_Elzfpebble.o)
 .text.property_animation_create
                0x0000000000000000        0xc /Users/mitch/pebble-dev/PebbleSDK-2.7/Pebble/lib/libpebble.a(tmpu_Elzfpebble.o)
 .text.property_animation_create_layer_frame
                0x0000000000000000        0xc /Users/mitch/pebble-dev/PebbleSDK-2.7/Pebble/lib/libpebble.a(tmpu_Elzfpebble.o)
 .text.property_animation_destroy
                0x0000000000000000        0xc /Users/mitch/pebble-dev/PebbleSDK-2.7/Pebble/lib/libpebble.a(tmpu_Elzfpebble.o)
 .text.property_animation_update_gpoint
                0x0000000000000000        0xc /Users/mitch/pebble-dev/PebbleSDK-2.7/Pebble/lib/libpebble.a(tmpu_Elzfpebble.o)
 .text.property_animation_update_grect
                0x0000000000000000        0xc /Users/mitch/pebble-dev/PebbleSDK-2.7/Pebble/lib/libpebble.a(tmpu_Elzfpebble.o)
 .text.property_animation_update_int16
                0x0000000000000000        0xc /Users/mitch/pebble-dev/PebbleSDK-2.7/Pebble/lib/libpebble.a(tmpu_Elzfpebble.o)
 .text.psleep   0x0000000000000000        0xc /Users/mitch/pebble-dev/PebbleSDK-2.7/Pebble/lib/libpebble.a(tmpu_Elzfpebble.o)
 .text.rand     0x0000000000000000        0xc /Users/mitch/pebble-dev/PebbleSDK-2.7/Pebble/lib/libpebble.a(tmpu_Elzfpebble.o)
 .text.resource_get_handle
                0x0000000000000000        0xc /Users/mitch/pebble-dev/PebbleSDK-2.7/Pebble/lib/libpebble.a(tmpu_Elzfpebble.o)
 .text.resource_load
                0x0000000000000000        0xc /Users/mitch/pebble-dev/PebbleSDK-2.7/Pebble/lib/libpebble.a(tmpu_Elzfpebble.o)
 .text.resource_load_byte_range
                0x0000000000000000        0xc /Users/mitch/pebble-dev/PebbleSDK-2.7/Pebble/lib/libpebble.a(tmpu_Elzfpebble.o)
 .text.resource_size
                0x0000000000000000        0xc /Users/mitch/pebble-dev/PebbleSDK-2.7/Pebble/lib/libpebble.a(tmpu_Elzfpebble.o)
 .text.rot_bitmap_layer_create
                0x0000000000000000        0xc /Users/mitch/pebble-dev/PebbleSDK-2.7/Pebble/lib/libpebble.a(tmpu_Elzfpebble.o)
 .text.rot_bitmap_layer_destroy
                0x0000000000000000        0xc /Users/mitch/pebble-dev/PebbleSDK-2.7/Pebble/lib/libpebble.a(tmpu_Elzfpebble.o)
 .text.rot_bitmap_layer_increment_angle
                0x0000000000000000        0xc /Users/mitch/pebble-dev/PebbleSDK-2.7/Pebble/lib/libpebble.a(tmpu_Elzfpebble.o)
 .text.rot_bitmap_layer_set_angle
                0x0000000000000000        0xc /Users/mitch/pebble-dev/PebbleSDK-2.7/Pebble/lib/libpebble.a(tmpu_Elzfpebble.o)
 .text.rot_bitmap_layer_set_corner_clip_color
                0x0000000000000000        0xc /Users/mitch/pebble-dev/PebbleSDK-2.7/Pebble/lib/libpebble.a(tmpu_Elzfpebble.o)
 .text.rot_bitmap_set_compositing_mode
                0x0000000000000000        0xc /Users/mitch/pebble-dev/PebbleSDK-2.7/Pebble/lib/libpebble.a(tmpu_Elzfpebble.o)
 .text.rot_bitmap_set_src_ic
                0x0000000000000000        0xc /Users/mitch/pebble-dev/PebbleSDK-2.7/Pebble/lib/libpebble.a(tmpu_Elzfpebble.o)
 .text.scroll_layer_add_child
                0x0000000000000000        0xc /Users/mitch/pebble-dev/PebbleSDK-2.7/Pebble/lib/libpebble.a(tmpu_Elzfpebble.o)
 .text.scroll_layer_create
                0x0000000000000000        0xc /Users/mitch/pebble-dev/PebbleSDK-2.7/Pebble/lib/libpebble.a(tmpu_Elzfpebble.o)
 .text.scroll_layer_destroy
                0x0000000000000000        0xc /Users/mitch/pebble-dev/PebbleSDK-2.7/Pebble/lib/libpebble.a(tmpu_Elzfpebble.o)
 .text.scroll_layer_get_content_offset
                0x0000000000000000        0xc /Users/mitch/pebble-dev/PebbleSDK-2.7/Pebble/lib/libpebble.a(tmpu_Elzfpebble.o)
 .text.scroll_layer_get_content_size
                0x0000000000000000        0xc /Users/mitch/pebble-dev/PebbleSDK-2.7/Pebble/lib/libpebble.a(tmpu_Elzfpebble.o)
 .text.scroll_layer_get_layer
                0x0000000000000000        0xc /Users/mitch/pebble-dev/PebbleSDK-2.7/Pebble/lib/libpebble.a(tmpu_Elzfpebble.o)
 .text.scroll_layer_get_shadow_hidden
                0x0000000000000000        0xc /Users/mitch/pebble-dev/PebbleSDK-2.7/Pebble/lib/libpebble.a(tmpu_Elzfpebble.o)
 .text.scroll_layer_scroll_down_click_handler
                0x0000000000000000        0xc /Users/mitch/pebble-dev/PebbleSDK-2.7/Pebble/lib/libpebble.a(tmpu_Elzfpebble.o)
 .text.scroll_layer_scroll_up_click_handler
                0x0000000000000000        0xc /Users/mitch/pebble-dev/PebbleSDK-2.7/Pebble/lib/libpebble.a(tmpu_Elzfpebble.o)
 .text.scroll_layer_set_callbacks
                0x0000000000000000        0xc /Users/mitch/pebble-dev/PebbleSDK-2.7/Pebble/lib/libpebble.a(tmpu_Elzfpebble.o)
 .text.scroll_layer_set_click_config_onto_window
                0x0000000000000000        0xc /Users/mitch/pebble-dev/PebbleSDK-2.7/Pebble/lib/libpebble.a(tmpu_Elzfpebble.o)
 .text.scroll_layer_set_content_offset
                0x0000000000000000        0xc /Users/mitch/pebble-dev/PebbleSDK-2.7/Pebble/lib/libpebble.a(tmpu_Elzfpebble.o)
 .text.scroll_layer_set_content_size
                0x0000000000000000        0xc /Users/mitch/pebble-dev/PebbleSDK-2.7/Pebble/lib/libpebble.a(tmpu_Elzfpebble.o)
 .text.scroll_layer_set_context
                0x0000000000000000        0xc /Users/mitch/pebble-dev/PebbleSDK-2.7/Pebble/lib/libpebble.a(tmpu_Elzfpebble.o)
 .text.scroll_layer_set_frame
                0x0000000000000000        0xc /Users/mitch/pebble-dev/PebbleSDK-2.7/Pebble/lib/libpebble.a(tmpu_Elzfpebble.o)
 .text.scroll_layer_set_shadow_hidden
                0x0000000000000000        0xc /Users/mitch/pebble-dev/PebbleSDK-2.7/Pebble/lib/libpebble.a(tmpu_Elzfpebble.o)
 .text.simple_menu_layer_get_selected_index
                0x0000000000000000        0xc /Users/mitch/pebble-dev/PebbleSDK-2.7/Pebble/lib/libpebble.a(tmpu_Elzfpebble.o)
 .text.simple_menu_layer_set_selected_index
                0x0000000000000000        0xc /Users/mitch/pebble-dev/PebbleSDK-2.7/Pebble/lib/libpebble.a(tmpu_Elzfpebble.o)
 .text.sin_lookup
                0x0000000000000000        0xc /Users/mitch/pebble-dev/PebbleSDK-2.7/Pebble/lib/libpebble.a(tmpu_Elzfpebble.o)
 .text.snprintf
                0x0000000000000000        0xc /Users/mitch/pebble-dev/PebbleSDK-2.7/Pebble/lib/libpebble.a(tmpu_Elzfpebble.o)
 .text.srand    0x0000000000000000        0xc /Users/mitch/pebble-dev/PebbleSDK-2.7/Pebble/lib/libpebble.a(tmpu_Elzfpebble.o)
 .text.strcat   0x0000000000000000        0xc /Users/mitch/pebble-dev/PebbleSDK-2.7/Pebble/lib/libpebble.a(tmpu_Elzfpebble.o)
 .text.strcmp   0x0000000000000000        0xc /Users/mitch/pebble-dev/PebbleSDK-2.7/Pebble/lib/libpebble.a(tmpu_Elzfpebble.o)
 .text.strcpy   0x0000000000000000        0xc /Users/mitch/pebble-dev/PebbleSDK-2.7/Pebble/lib/libpebble.a(tmpu_Elzfpebble.o)
 .text.strftime
                0x0000000000000000        0xc /Users/mitch/pebble-dev/PebbleSDK-2.7/Pebble/lib/libpebble.a(tmpu_Elzfpebble.o)
 .text.strlen   0x0000000000000000        0xc /Users/mitch/pebble-dev/PebbleSDK-2.7/Pebble/lib/libpebble.a(tmpu_Elzfpebble.o)
 .text.strncat  0x0000000000000000        0xc /Users/mitch/pebble-dev/PebbleSDK-2.7/Pebble/lib/libpebble.a(tmpu_Elzfpebble.o)
 .text.strncmp  0x0000000000000000        0xc /Users/mitch/pebble-dev/PebbleSDK-2.7/Pebble/lib/libpebble.a(tmpu_Elzfpebble.o)
 .text.text_layer_create
                0x0000000000000000        0xc /Users/mitch/pebble-dev/PebbleSDK-2.7/Pebble/lib/libpebble.a(tmpu_Elzfpebble.o)
 .text.text_layer_destroy
                0x0000000000000000        0xc /Users/mitch/pebble-dev/PebbleSDK-2.7/Pebble/lib/libpebble.a(tmpu_Elzfpebble.o)
 .text.text_layer_get_content_size
                0x0000000000000000        0xc /Users/mitch/pebble-dev/PebbleSDK-2.7/Pebble/lib/libpebble.a(tmpu_Elzfpebble.o)
 .text.text_layer_get_layer
                0x0000000000000000        0xc /Users/mitch/pebble-dev/PebbleSDK-2.7/Pebble/lib/libpebble.a(tmpu_Elzfpebble.o)
 .text.text_layer_get_text
                0x0000000000000000        0xc /Users/mitch/pebble-dev/PebbleSDK-2.7/Pebble/lib/libpebble.a(tmpu_Elzfpebble.o)
 .text.text_layer_set_background_color
                0x0000000000000000        0xc /Users/mitch/pebble-dev/PebbleSDK-2.7/Pebble/lib/libpebble.a(tmpu_Elzfpebble.o)
 .text.text_layer_set_font
                0x0000000000000000        0xc /Users/mitch/pebble-dev/PebbleSDK-2.7/Pebble/lib/libpebble.a(tmpu_Elzfpebble.o)
 .text.text_layer_set_overflow_mode
                0x0000000000000000        0xc /Users/mitch/pebble-dev/PebbleSDK-2.7/Pebble/lib/libpebble.a(tmpu_Elzfpebble.o)
 .text.text_layer_set_size
                0x0000000000000000        0xc /Users/mitch/pebble-dev/PebbleSDK-2.7/Pebble/lib/libpebble.a(tmpu_Elzfpebble.o)
 .text.text_layer_set_text
                0x0000000000000000        0xc /Users/mitch/pebble-dev/PebbleSDK-2.7/Pebble/lib/libpebble.a(tmpu_Elzfpebble.o)
 .text.text_layer_set_text_alignment
                0x0000000000000000        0xc /Users/mitch/pebble-dev/PebbleSDK-2.7/Pebble/lib/libpebble.a(tmpu_Elzfpebble.o)
 .text.text_layer_set_text_color
                0x0000000000000000        0xc /Users/mitch/pebble-dev/PebbleSDK-2.7/Pebble/lib/libpebble.a(tmpu_Elzfpebble.o)
 .text.tick_timer_service_subscribe
                0x0000000000000000        0xc /Users/mitch/pebble-dev/PebbleSDK-2.7/Pebble/lib/libpebble.a(tmpu_Elzfpebble.o)
 .text.tick_timer_service_unsubscribe
                0x0000000000000000        0xc /Users/mitch/pebble-dev/PebbleSDK-2.7/Pebble/lib/libpebble.a(tmpu_Elzfpebble.o)
 .text.time     0x0000000000000000        0xc /Users/mitch/pebble-dev/PebbleSDK-2.7/Pebble/lib/libpebble.a(tmpu_Elzfpebble.o)
 .text.time_ms  0x0000000000000000        0xc /Users/mitch/pebble-dev/PebbleSDK-2.7/Pebble/lib/libpebble.a(tmpu_Elzfpebble.o)
 .text.vibes_cancel
                0x0000000000000000        0xc /Users/mitch/pebble-dev/PebbleSDK-2.7/Pebble/lib/libpebble.a(tmpu_Elzfpebble.o)
 .text.vibes_double_pulse
                0x0000000000000000        0xc /Users/mitch/pebble-dev/PebbleSDK-2.7/Pebble/lib/libpebble.a(tmpu_Elzfpebble.o)
 .text.vibes_enqueue_custom_pattern
                0x0000000000000000        0xc /Users/mitch/pebble-dev/PebbleSDK-2.7/Pebble/lib/libpebble.a(tmpu_Elzfpebble.o)
 .text.vibes_long_pulse
                0x0000000000000000        0xc /Users/mitch/pebble-dev/PebbleSDK-2.7/Pebble/lib/libpebble.a(tmpu_Elzfpebble.o)
 .text.vibes_short_pulse
                0x0000000000000000        0xc /Users/mitch/pebble-dev/PebbleSDK-2.7/Pebble/lib/libpebble.a(tmpu_Elzfpebble.o)
 .text.window_get_click_config_provider
                0x0000000000000000        0xc /Users/mitch/pebble-dev/PebbleSDK-2.7/Pebble/lib/libpebble.a(tmpu_Elzfpebble.o)
 .text.window_get_fullscreen
                0x0000000000000000        0xc /Users/mitch/pebble-dev/PebbleSDK-2.7/Pebble/lib/libpebble.a(tmpu_Elzfpebble.o)
 .text.window_is_loaded
                0x0000000000000000        0xc /Users/mitch/pebble-dev/PebbleSDK-2.7/Pebble/lib/libpebble.a(tmpu_Elzfpebble.o)
 .text.window_set_background_color
                0x0000000000000000        0xc /Users/mitch/pebble-dev/PebbleSDK-2.7/Pebble/lib/libpebble.a(tmpu_Elzfpebble.o)
 .text.window_set_click_config_provider
                0x0000000000000000        0xc /Users/mitch/pebble-dev/PebbleSDK-2.7/Pebble/lib/libpebble.a(tmpu_Elzfpebble.o)
 .text.window_set_click_config_provider_with_context
                0x0000000000000000        0xc /Users/mitch/pebble-dev/PebbleSDK-2.7/Pebble/lib/libpebble.a(tmpu_Elzfpebble.o)
 .text.window_set_fullscreen
                0x0000000000000000        0xc /Users/mitch/pebble-dev/PebbleSDK-2.7/Pebble/lib/libpebble.a(tmpu_Elzfpebble.o)
 .text.window_set_status_bar_icon
                0x0000000000000000        0xc /Users/mitch/pebble-dev/PebbleSDK-2.7/Pebble/lib/libpebble.a(tmpu_Elzfpebble.o)
 .text.window_stack_contains_window
                0x0000000000000000        0xc /Users/mitch/pebble-dev/PebbleSDK-2.7/Pebble/lib/libpebble.a(tmpu_Elzfpebble.o)
 .text.window_stack_get_top_window
                0x0000000000000000        0xc /Users/mitch/pebble-dev/PebbleSDK-2.7/Pebble/lib/libpebble.a(tmpu_Elzfpebble.o)
 .text.window_stack_pop
                0x0000000000000000        0xc /Users/mitch/pebble-dev/PebbleSDK-2.7/Pebble/lib/libpebble.a(tmpu_Elzfpebble.o)
 .text.window_stack_pop_all
                0x0000000000000000        0xc /Users/mitch/pebble-dev/PebbleSDK-2.7/Pebble/lib/libpebble.a(tmpu_Elzfpebble.o)
 .text.window_stack_remove
                0x0000000000000000        0xc /Users/mitch/pebble-dev/PebbleSDK-2.7/Pebble/lib/libpebble.a(tmpu_Elzfpebble.o)
 .text.app_focus_service_subscribe
                0x0000000000000000        0xc /Users/mitch/pebble-dev/PebbleSDK-2.7/Pebble/lib/libpebble.a(tmpu_Elzfpebble.o)
 .text.app_focus_service_unsubscribe
                0x0000000000000000        0xc /Users/mitch/pebble-dev/PebbleSDK-2.7/Pebble/lib/libpebble.a(tmpu_Elzfpebble.o)
 .text.window_get_user_data
                0x0000000000000000        0xc /Users/mitch/pebble-dev/PebbleSDK-2.7/Pebble/lib/libpebble.a(tmpu_Elzfpebble.o)
 .text.window_set_user_data
                0x0000000000000000        0xc /Users/mitch/pebble-dev/PebbleSDK-2.7/Pebble/lib/libpebble.a(tmpu_Elzfpebble.o)
 .text.app_message_get_context
                0x0000000000000000        0xc /Users/mitch/pebble-dev/PebbleSDK-2.7/Pebble/lib/libpebble.a(tmpu_Elzfpebble.o)
 .text.app_message_set_context
                0x0000000000000000        0xc /Users/mitch/pebble-dev/PebbleSDK-2.7/Pebble/lib/libpebble.a(tmpu_Elzfpebble.o)
 .text.window_long_click_subscribe
                0x0000000000000000        0xc /Users/mitch/pebble-dev/PebbleSDK-2.7/Pebble/lib/libpebble.a(tmpu_Elzfpebble.o)
 .text.window_multi_click_subscribe
                0x0000000000000000        0xc /Users/mitch/pebble-dev/PebbleSDK-2.7/Pebble/lib/libpebble.a(tmpu_Elzfpebble.o)
 .text.window_raw_click_subscribe
                0x0000000000000000        0xc /Users/mitch/pebble-dev/PebbleSDK-2.7/Pebble/lib/libpebble.a(tmpu_Elzfpebble.o)
 .text.window_set_click_context
                0x0000000000000000        0xc /Users/mitch/pebble-dev/PebbleSDK-2.7/Pebble/lib/libpebble.a(tmpu_Elzfpebble.o)
 .text.window_single_click_subscribe
                0x0000000000000000        0xc /Users/mitch/pebble-dev/PebbleSDK-2.7/Pebble/lib/libpebble.a(tmpu_Elzfpebble.o)
 .text.window_single_repeating_click_subscribe
                0x0000000000000000        0xc /Users/mitch/pebble-dev/PebbleSDK-2.7/Pebble/lib/libpebble.a(tmpu_Elzfpebble.o)
 .text.graphics_draw_text
                0x0000000000000000        0xc /Users/mitch/pebble-dev/PebbleSDK-2.7/Pebble/lib/libpebble.a(tmpu_Elzfpebble.o)
 .text.dict_serialize_tuplets_to_buffer
                0x0000000000000000        0xc /Users/mitch/pebble-dev/PebbleSDK-2.7/Pebble/lib/libpebble.a(tmpu_Elzfpebble.o)
 .text.persist_read_data
                0x0000000000000000        0xc /Users/mitch/pebble-dev/PebbleSDK-2.7/Pebble/lib/libpebble.a(tmpu_Elzfpebble.o)
 .text.persist_read_string
                0x0000000000000000        0xc /Users/mitch/pebble-dev/PebbleSDK-2.7/Pebble/lib/libpebble.a(tmpu_Elzfpebble.o)
 .text.persist_write_data
                0x0000000000000000        0xc /Users/mitch/pebble-dev/PebbleSDK-2.7/Pebble/lib/libpebble.a(tmpu_Elzfpebble.o)
 .text.dict_size
                0x0000000000000000        0xc /Users/mitch/pebble-dev/PebbleSDK-2.7/Pebble/lib/libpebble.a(tmpu_Elzfpebble.o)
 .text.graphics_text_layout_get_content_size
                0x0000000000000000        0xc /Users/mitch/pebble-dev/PebbleSDK-2.7/Pebble/lib/libpebble.a(tmpu_Elzfpebble.o)
 .text.simple_menu_layer_get_menu_layer
                0x0000000000000000        0xc /Users/mitch/pebble-dev/PebbleSDK-2.7/Pebble/lib/libpebble.a(tmpu_Elzfpebble.o)
 .text.accel_data_service_subscribe
                0x0000000000000000        0xc /Users/mitch/pebble-dev/PebbleSDK-2.7/Pebble/lib/libpebble.a(tmpu_Elzfpebble.o)
 .text.calloc   0x0000000000000000        0xc /Users/mitch/pebble-dev/PebbleSDK-2.7/Pebble/lib/libpebble.a(tmpu_Elzfpebble.o)
 .text.bitmap_layer_get_bitmap
                0x0000000000000000        0xc /Users/mitch/pebble-dev/PebbleSDK-2.7/Pebble/lib/libpebble.a(tmpu_Elzfpebble.o)
 .text.menu_layer_set_callbacks
                0x0000000000000000        0xc /Users/mitch/pebble-dev/PebbleSDK-2.7/Pebble/lib/libpebble.a(tmpu_Elzfpebble.o)
 .text.window_get_click_config_context
                0x0000000000000000        0xc /Users/mitch/pebble-dev/PebbleSDK-2.7/Pebble/lib/libpebble.a(tmpu_Elzfpebble.o)
 .text.number_window_get_window
                0x0000000000000000        0xc /Users/mitch/pebble-dev/PebbleSDK-2.7/Pebble/lib/libpebble.a(tmpu_Elzfpebble.o)
 .text.realloc  0x0000000000000000        0xc /Users/mitch/pebble-dev/PebbleSDK-2.7/Pebble/lib/libpebble.a(tmpu_Elzfpebble.o)
 .text.gbitmap_create_blank
                0x0000000000000000        0xc /Users/mitch/pebble-dev/PebbleSDK-2.7/Pebble/lib/libpebble.a(tmpu_Elzfpebble.o)
 .text.click_recognizer_is_repeating
                0x0000000000000000        0xc /Users/mitch/pebble-dev/PebbleSDK-2.7/Pebble/lib/libpebble.a(tmpu_Elzfpebble.o)
 .text.accel_raw_data_service_subscribe
                0x0000000000000000        0xc /Users/mitch/pebble-dev/PebbleSDK-2.7/Pebble/lib/libpebble.a(tmpu_Elzfpebble.o)
 .text.app_worker_is_running
                0x0000000000000000        0xc /Users/mitch/pebble-dev/PebbleSDK-2.7/Pebble/lib/libpebble.a(tmpu_Elzfpebble.o)
 .text.app_worker_kill
                0x0000000000000000        0xc /Users/mitch/pebble-dev/PebbleSDK-2.7/Pebble/lib/libpebble.a(tmpu_Elzfpebble.o)
 .text.app_worker_launch
                0x0000000000000000        0xc /Users/mitch/pebble-dev/PebbleSDK-2.7/Pebble/lib/libpebble.a(tmpu_Elzfpebble.o)
 .text.app_worker_message_subscribe
                0x0000000000000000        0xc /Users/mitch/pebble-dev/PebbleSDK-2.7/Pebble/lib/libpebble.a(tmpu_Elzfpebble.o)
 .text.app_worker_message_unsubscribe
                0x0000000000000000        0xc /Users/mitch/pebble-dev/PebbleSDK-2.7/Pebble/lib/libpebble.a(tmpu_Elzfpebble.o)
 .text.app_worker_send_message
                0x0000000000000000        0xc /Users/mitch/pebble-dev/PebbleSDK-2.7/Pebble/lib/libpebble.a(tmpu_Elzfpebble.o)
 .text.worker_event_loop
                0x0000000000000000        0xc /Users/mitch/pebble-dev/PebbleSDK-2.7/Pebble/lib/libpebble.a(tmpu_Elzfpebble.o)
 .text.worker_launch_app
                0x0000000000000000        0xc /Users/mitch/pebble-dev/PebbleSDK-2.7/Pebble/lib/libpebble.a(tmpu_Elzfpebble.o)
 .text.heap_bytes_free
                0x0000000000000000        0xc /Users/mitch/pebble-dev/PebbleSDK-2.7/Pebble/lib/libpebble.a(tmpu_Elzfpebble.o)
 .text.heap_bytes_used
                0x0000000000000000        0xc /Users/mitch/pebble-dev/PebbleSDK-2.7/Pebble/lib/libpebble.a(tmpu_Elzfpebble.o)
 .text.compass_service_peek
                0x0000000000000000        0xc /Users/mitch/pebble-dev/PebbleSDK-2.7/Pebble/lib/libpebble.a(tmpu_Elzfpebble.o)
 .text.compass_service_set_heading_filter
                0x0000000000000000        0xc /Users/mitch/pebble-dev/PebbleSDK-2.7/Pebble/lib/libpebble.a(tmpu_Elzfpebble.o)
 .text.compass_service_subscribe
                0x0000000000000000        0xc /Users/mitch/pebble-dev/PebbleSDK-2.7/Pebble/lib/libpebble.a(tmpu_Elzfpebble.o)
 .text.compass_service_unsubscribe
                0x0000000000000000        0xc /Users/mitch/pebble-dev/PebbleSDK-2.7/Pebble/lib/libpebble.a(tmpu_Elzfpebble.o)
 .text.uuid_equal
                0x0000000000000000        0xc /Users/mitch/pebble-dev/PebbleSDK-2.7/Pebble/lib/libpebble.a(tmpu_Elzfpebble.o)
 .text.uuid_to_string
                0x0000000000000000        0xc /Users/mitch/pebble-dev/PebbleSDK-2.7/Pebble/lib/libpebble.a(tmpu_Elzfpebble.o)
 .text.gpath_draw_filled
                0x0000000000000000        0xc /Users/mitch/pebble-dev/PebbleSDK-2.7/Pebble/lib/libpebble.a(tmpu_Elzfpebble.o)
 .text.animation_set_custom_curve
                0x0000000000000000        0xc /Users/mitch/pebble-dev/PebbleSDK-2.7/Pebble/lib/libpebble.a(tmpu_Elzfpebble.o)
 .text.watch_info_get_color
                0x0000000000000000        0xc /Users/mitch/pebble-dev/PebbleSDK-2.7/Pebble/lib/libpebble.a(tmpu_Elzfpebble.o)
 .text.watch_info_get_firmware_version
                0x0000000000000000        0xc /Users/mitch/pebble-dev/PebbleSDK-2.7/Pebble/lib/libpebble.a(tmpu_Elzfpebble.o)
 .text.watch_info_get_model
                0x0000000000000000        0xc /Users/mitch/pebble-dev/PebbleSDK-2.7/Pebble/lib/libpebble.a(tmpu_Elzfpebble.o)
 .text.graphics_capture_frame_buffer
                0x0000000000000000        0xc /Users/mitch/pebble-dev/PebbleSDK-2.7/Pebble/lib/libpebble.a(tmpu_Elzfpebble.o)
 .text.graphics_frame_buffer_is_captured
                0x0000000000000000        0xc /Users/mitch/pebble-dev/PebbleSDK-2.7/Pebble/lib/libpebble.a(tmpu_Elzfpebble.o)
 .text.graphics_release_frame_buffer
                0x0000000000000000        0xc /Users/mitch/pebble-dev/PebbleSDK-2.7/Pebble/lib/libpebble.a(tmpu_Elzfpebble.o)
 .text.clock_to_timestamp
                0x0000000000000000        0xc /Users/mitch/pebble-dev/PebbleSDK-2.7/Pebble/lib/libpebble.a(tmpu_Elzfpebble.o)
 .text.launch_reason
                0x0000000000000000        0xc /Users/mitch/pebble-dev/PebbleSDK-2.7/Pebble/lib/libpebble.a(tmpu_Elzfpebble.o)
 .text.wakeup_cancel
                0x0000000000000000        0xc /Users/mitch/pebble-dev/PebbleSDK-2.7/Pebble/lib/libpebble.a(tmpu_Elzfpebble.o)
 .text.wakeup_cancel_all
                0x0000000000000000        0xc /Users/mitch/pebble-dev/PebbleSDK-2.7/Pebble/lib/libpebble.a(tmpu_Elzfpebble.o)
 .text.wakeup_get_launch_event
                0x0000000000000000        0xc /Users/mitch/pebble-dev/PebbleSDK-2.7/Pebble/lib/libpebble.a(tmpu_Elzfpebble.o)
 .text.wakeup_query
                0x0000000000000000        0xc /Users/mitch/pebble-dev/PebbleSDK-2.7/Pebble/lib/libpebble.a(tmpu_Elzfpebble.o)
 .text.wakeup_schedule
                0x0000000000000000        0xc /Users/mitch/pebble-dev/PebbleSDK-2.7/Pebble/lib/libpebble.a(tmpu_Elzfpebble.o)
 .text.wakeup_service_subscribe
                0x0000000000000000        0xc /Users/mitch/pebble-dev/PebbleSDK-2.7/Pebble/lib/libpebble.a(tmpu_Elzfpebble.o)
 .text.clock_is_timezone_set
                0x0000000000000000        0xc /Users/mitch/pebble-dev/PebbleSDK-2.7/Pebble/lib/libpebble.a(tmpu_Elzfpebble.o)
 .text          0x0000000000000000        0x0 /Users/mitch/pebble-dev/PebbleSDK-2.7/arm-cs-tools/bin/../lib/gcc/arm-none-eabi/4.7.2/thumb2/crtend.o
 .bss           0x0000000000000000        0x0 /Users/mitch/pebble-dev/PebbleSDK-2.7/arm-cs-tools/bin/../lib/gcc/arm-none-eabi/4.7.2/thumb2/crtend.o
 .eh_frame      0x0000000000000000        0x4 /Users/mitch/pebble-dev/PebbleSDK-2.7/arm-cs-tools/bin/../lib/gcc/arm-none-eabi/4.7.2/thumb2/crtend.o
 .jcr           0x0000000000000000        0x4 /Users/mitch/pebble-dev/PebbleSDK-2.7/arm-cs-tools/bin/../lib/gcc/arm-none-eabi/4.7.2/thumb2/crtend.o
 .tm_clone_table
                0x0000000000000000        0x0 /Users/mitch/pebble-dev/PebbleSDK-2.7/arm-cs-tools/bin/../lib/gcc/arm-none-eabi/4.7.2/thumb2/crtend.o
 .text          0x0000000000000000        0x0 /Users/mitch/pebble-dev/PebbleSDK-2.7/arm-cs-tools/bin/../lib/gcc/arm-none-eabi/4.7.2/thumb2/crtn.o
 .bss           0x0000000000000000        0x0 /Users/mitch/pebble-dev/PebbleSDK-2.7/arm-cs-tools/bin/../lib/gcc/arm-none-eabi/4.7.2/thumb2/crtn.o
 .init          0x0000000000000000        0x8 /Users/mitch/pebble-dev/PebbleSDK-2.7/arm-cs-tools/bin/../lib/gcc/arm-none-eabi/4.7.2/thumb2/crtn.o
 .fini          0x0000000000000000        0x8 /Users/mitch/pebble-dev/PebbleSDK-2.7/arm-cs-tools/bin/../lib/gcc/arm-none-eabi/4.7.2/thumb2/crtn.o

Memory Configuration

Name             Origin             Length             Attributes
APP              0x0000000000000000 0x0000000000006000 xrw
*default*        0x0000000000000000 0xffffffffffffffff

Linker script and memory map

LOAD /Users/mitch/pebble-dev/PebbleSDK-2.7/arm-cs-tools/bin/../lib/gcc/arm-none-eabi/4.7.2/thumb2/crti.o
LOAD /Users/mitch/pebble-dev/PebbleSDK-2.7/arm-cs-tools/bin/../lib/gcc/arm-none-eabi/4.7.2/thumb2/crtbegin.o
LOAD src/bus_detail.c.8.o
LOAD src/main.c.8.o
LOAD src/nearby_buses.c.8.o
LOAD src/nearby_stops.c.8.o
LOAD src/route_picker.c.8.o
LOAD appinfo.auto.c.8.o
LOAD /Users/mitch/pebble-dev/PebbleSDK-2.7/Pebble/lib/libpebble.a
START GROUP
LOAD /Users/mitch/pebble-dev/PebbleSDK-2.7/arm-cs-tools/bin/../lib/gcc/arm-none-eabi/4.7.2/thumb2/libgcc.a
LOAD /Users/mitch/pebble-dev/PebbleSDK-2.7/arm-cs-tools/bin/../lib/gcc/arm-none-eabi/4.7.2/../../../../arm-none-eabi/lib/thumb2/libc.a
END GROUP
LOAD /Users/mitch/pebble-dev/PebbleSDK-2.7/arm-cs-tools/bin/../lib/gcc/arm-none-eabi/4.7.2/thumb2/crtend.o
LOAD /Users/mitch/pebble-dev/PebbleSDK-2.7/arm-cs-tools/bin/../lib/gcc/arm-none-eabi/4.7.2/thumb2/crtn.o

.header         0x0000000000000000       0x82
 *(.pbl_header)
 .pbl_header    0x0000000000000000       0x82 appinfo.auto.c.8.o
                0x0000000000000000                __pbl_app_info

.text           0x0000000000000084      0xb38
 *(.text)
 .text          0x0000000000000084       0x14 /Users/mitch/pebble-dev/PebbleSDK-2.7/Pebble/lib/libpebble.a(tmpu_Elzfpebble.o)
 *(.text.*)
 .text.bus_detail_window_unload
                0x0000000000000098       0x18 src/bus_detail.c.8.o
 .text.bus_detail_window_load
                0x00000000000000b0      0x128 src/bus_detail.c.8.o
 .text.bus_detail_app_message_received
                0x00000000000001d8       0x9c src/bus_detail.c.8.o
                0x00000000000001d8                bus_detail_app_message_received
 .text.push_bus_detail_window
                0x0000000000000274       0x94 src/bus_detail.c.8.o
                0x0000000000000274                push_bus_detail_window
 .text.window_unload
                0x0000000000000308       0x10 src/main.c.8.o
 .text.window_load
                0x0000000000000318       0x48 src/main.c.8.o
 .text.startup.main
                0x0000000000000360       0xc4 src/main.c.8.o
                0x0000000000000360                main
 .text.nearby_buses_window_unload
                0x0000000000000424       0x10 src/nearby_buses.c.8.o
 .text.nearby_buses_window_disappear
                0x0000000000000434        0x4 src/nearby_buses.c.8.o
 .text.send_phone_message_nearby_buses
                0x0000000000000438       0x18 src/nearby_buses.c.8.o
 .text.nearby_buses_window_appear
                0x0000000000000450       0x18 src/nearby_buses.c.8.o
 .text.nearby_bus_selected_callback
                0x0000000000000468       0x58 src/nearby_buses.c.8.o
 .text.nearby_buses_app_message_received
                0x00000000000004c0      0x114 src/nearby_buses.c.8.o
                0x00000000000004c0                nearby_buses_app_message_received
 .text.initialize_buses
                0x00000000000005d4       0x74 src/nearby_buses.c.8.o
                0x00000000000005d4                initialize_buses
 .text.nearby_buses_window_load
                0x0000000000000648       0x60 src/nearby_buses.c.8.o
 .text.push_nearby_buses_window
                0x00000000000006a8       0x44 src/nearby_buses.c.8.o
                0x00000000000006a8                push_nearby_buses_window
 .text.outbox_sent_callback
                0x00000000000006ec       0x18 src/nearby_stops.c.8.o
 .text.outbox_failed_callback
                0x0000000000000704       0x18 src/nearby_stops.c.8.o
 .text.inbox_dropped_callback
                0x000000000000071c       0x20 src/nearby_stops.c.8.o
 .text.nearby_stops_window_unload
                0x000000000000073c       0x18 src/nearby_stops.c.8.o
 .text.nearby_stops_window_load
                0x0000000000000754       0xd8 src/nearby_stops.c.8.o
 .text.nearby_stops_app_message_received
                0x000000000000082c       0x90 src/nearby_stops.c.8.o
                0x000000000000082c                nearby_stops_app_message_received
 .text.push_nearby_stops_window
                0x00000000000008bc       0x80 src/nearby_stops.c.8.o
                0x00000000000008bc                push_nearby_stops_window
 .text.app_event_loop
                0x000000000000093c        0xc /Users/mitch/pebble-dev/PebbleSDK-2.7/Pebble/lib/libpebble.a(tmpu_Elzfpebble.o)
                0x000000000000093c                app_event_loop
 .text.app_log  0x0000000000000948        0xc /Users/mitch/pebble-dev/PebbleSDK-2.7/Pebble/lib/libpebble.a(tmpu_Elzfpebble.o)
                0x0000000000000948                app_log
 .text.app_message_deregister_callbacks
                0x0000000000000954        0xc /Users/mitch/pebble-dev/PebbleSDK-2.7/Pebble/lib/libpebble.a(tmpu_Elzfpebble.o)
                0x0000000000000954                app_message_deregister_callbacks
 .text.app_message_open
                0x0000000000000960        0xc /Users/mitch/pebble-dev/PebbleSDK-2.7/Pebble/lib/libpebble.a(tmpu_Elzfpebble.o)
                0x0000000000000960                app_message_open
 .text.dict_read_first
                0x000000000000096c        0xc /Users/mitch/pebble-dev/PebbleSDK-2.7/Pebble/lib/libpebble.a(tmpu_Elzfpebble.o)
                0x000000000000096c                dict_read_first
 .text.dict_read_next
                0x0000000000000978        0xc /Users/mitch/pebble-dev/PebbleSDK-2.7/Pebble/lib/libpebble.a(tmpu_Elzfpebble.o)
                0x0000000000000978                dict_read_next
 .text.dict_write_cstring
                0x0000000000000984        0xc /Users/mitch/pebble-dev/PebbleSDK-2.7/Pebble/lib/libpebble.a(tmpu_Elzfpebble.o)
                0x0000000000000984                dict_write_cstring
 .text.dict_write_uint8
                0x0000000000000990        0xc /Users/mitch/pebble-dev/PebbleSDK-2.7/Pebble/lib/libpebble.a(tmpu_Elzfpebble.o)
                0x0000000000000990                dict_write_uint8
 .text.layer_add_child
                0x000000000000099c        0xc /Users/mitch/pebble-dev/PebbleSDK-2.7/Pebble/lib/libpebble.a(tmpu_Elzfpebble.o)
                0x000000000000099c                layer_add_child
 .text.layer_get_bounds
                0x00000000000009a8        0xc /Users/mitch/pebble-dev/PebbleSDK-2.7/Pebble/lib/libpebble.a(tmpu_Elzfpebble.o)
                0x00000000000009a8                layer_get_bounds
 .text.layer_mark_dirty
                0x00000000000009b4        0xc /Users/mitch/pebble-dev/PebbleSDK-2.7/Pebble/lib/libpebble.a(tmpu_Elzfpebble.o)
                0x00000000000009b4                layer_mark_dirty
 .text.memset   0x00000000000009c0        0xc /Users/mitch/pebble-dev/PebbleSDK-2.7/Pebble/lib/libpebble.a(tmpu_Elzfpebble.o)
                0x00000000000009c0                memset
 .text.simple_menu_layer_create
                0x00000000000009cc        0xc /Users/mitch/pebble-dev/PebbleSDK-2.7/Pebble/lib/libpebble.a(tmpu_Elzfpebble.o)
                0x00000000000009cc                simple_menu_layer_create
 .text.simple_menu_layer_destroy
                0x00000000000009d8        0xc /Users/mitch/pebble-dev/PebbleSDK-2.7/Pebble/lib/libpebble.a(tmpu_Elzfpebble.o)
                0x00000000000009d8                simple_menu_layer_destroy
 .text.simple_menu_layer_get_layer
                0x00000000000009e4        0xc /Users/mitch/pebble-dev/PebbleSDK-2.7/Pebble/lib/libpebble.a(tmpu_Elzfpebble.o)
                0x00000000000009e4                simple_menu_layer_get_layer
 .text.strncpy  0x00000000000009f0        0xc /Users/mitch/pebble-dev/PebbleSDK-2.7/Pebble/lib/libpebble.a(tmpu_Elzfpebble.o)
                0x00000000000009f0                strncpy
 .text.window_create
                0x00000000000009fc        0xc /Users/mitch/pebble-dev/PebbleSDK-2.7/Pebble/lib/libpebble.a(tmpu_Elzfpebble.o)
                0x00000000000009fc                window_create
 .text.window_destroy
                0x0000000000000a08        0xc /Users/mitch/pebble-dev/PebbleSDK-2.7/Pebble/lib/libpebble.a(tmpu_Elzfpebble.o)
                0x0000000000000a08                window_destroy
 .text.window_get_root_layer
                0x0000000000000a14        0xc /Users/mitch/pebble-dev/PebbleSDK-2.7/Pebble/lib/libpebble.a(tmpu_Elzfpebble.o)
                0x0000000000000a14                window_get_root_layer
 .text.window_set_window_handlers
                0x0000000000000a20        0xc /Users/mitch/pebble-dev/PebbleSDK-2.7/Pebble/lib/libpebble.a(tmpu_Elzfpebble.o)
                0x0000000000000a20                window_set_window_handlers
 .text.window_stack_push
                0x0000000000000a2c        0xc /Users/mitch/pebble-dev/PebbleSDK-2.7/Pebble/lib/libpebble.a(tmpu_Elzfpebble.o)
                0x0000000000000a2c                window_stack_push
 .text.app_message_inbox_size_maximum
                0x0000000000000a38        0xc /Users/mitch/pebble-dev/PebbleSDK-2.7/Pebble/lib/libpebble.a(tmpu_Elzfpebble.o)
                0x0000000000000a38                app_message_inbox_size_maximum
 .text.app_message_outbox_begin
                0x0000000000000a44        0xc /Users/mitch/pebble-dev/PebbleSDK-2.7/Pebble/lib/libpebble.a(tmpu_Elzfpebble.o)
                0x0000000000000a44                app_message_outbox_begin
 .text.app_message_outbox_send
                0x0000000000000a50        0xc /Users/mitch/pebble-dev/PebbleSDK-2.7/Pebble/lib/libpebble.a(tmpu_Elzfpebble.o)
                0x0000000000000a50                app_message_outbox_send
 .text.app_message_outbox_size_maximum
                0x0000000000000a5c        0xc /Users/mitch/pebble-dev/PebbleSDK-2.7/Pebble/lib/libpebble.a(tmpu_Elzfpebble.o)
                0x0000000000000a5c                app_message_outbox_size_maximum
 .text.app_message_register_inbox_dropped
                0x0000000000000a68        0xc /Users/mitch/pebble-dev/PebbleSDK-2.7/Pebble/lib/libpebble.a(tmpu_Elzfpebble.o)
                0x0000000000000a68                app_message_register_inbox_dropped
 .text.app_message_register_inbox_received
                0x0000000000000a74        0xc /Users/mitch/pebble-dev/PebbleSDK-2.7/Pebble/lib/libpebble.a(tmpu_Elzfpebble.o)
                0x0000000000000a74                app_message_register_inbox_received
 .text.app_message_register_outbox_failed
                0x0000000000000a80        0xc /Users/mitch/pebble-dev/PebbleSDK-2.7/Pebble/lib/libpebble.a(tmpu_Elzfpebble.o)
                0x0000000000000a80                app_message_register_outbox_failed
 .text.app_message_register_outbox_sent
                0x0000000000000a8c        0xc /Users/mitch/pebble-dev/PebbleSDK-2.7/Pebble/lib/libpebble.a(tmpu_Elzfpebble.o)
                0x0000000000000a8c                app_message_register_outbox_sent
 *(.rodata)
 *(.rodata*)
 .rodata.str1.1
                0x0000000000000a98       0x2a src/bus_detail.c.8.o
 .rodata.str1.1
                0x0000000000000ac2       0x24 src/main.c.8.o
 .rodata.str1.1
                0x0000000000000ae6       0x5d src/nearby_buses.c.8.o
                                         0x74 (size before relaxing)
 .rodata.str1.1
                0x0000000000000b43       0x79 src/nearby_stops.c.8.o
                                         0x90 (size before relaxing)

.glue_7         0x0000000000000bbc        0x0
 .glue_7        0x0000000000000000        0x0 linker stubs

.glue_7t        0x0000000000000bbc        0x0
 .glue_7t       0x0000000000000000        0x0 linker stubs

.vfp11_veneer   0x0000000000000bbc        0x0
 .vfp11_veneer  0x0000000000000000        0x0 linker stubs

.v4_bx          0x0000000000000bbc        0x0
 .v4_bx         0x0000000000000000        0x0 linker stubs

.iplt           0x0000000000000bbc        0x0
 .iplt          0x0000000000000000        0x0 /Users/mitch/pebble-dev/PebbleSDK-2.7/arm-cs-tools/bin/../lib/gcc/arm-none-eabi/4.7.2/thumb2/crtbegin.o

.rel.dyn        0x0000000000000bbc        0x0
 .rel.iplt      0x0000000000000000        0x0 /Users/mitch/pebble-dev/PebbleSDK-2.7/arm-cs-tools/bin/../lib/gcc/arm-none-eabi/4.7.2/thumb2/crtbegin.o
 .rel.got       0x0000000000000000        0x0 /Users/mitch/pebble-dev/PebbleSDK-2.7/arm-cs-tools/bin/../lib/gcc/arm-none-eabi/4.7.2/thumb2/crtbegin.o

.data           0x0000000000000bbc       0x50
 *(.data)
 .data          0x0000000000000bbc        0x0 /Users/mitch/pebble-dev/PebbleSDK-2.7/arm-cs-tools/bin/../lib/gcc/arm-none-eabi/4.7.2/thumb2/crti.o
 .data          0x0000000000000bbc        0x4 /Users/mitch/pebble-dev/PebbleSDK-2.7/arm-cs-tools/bin/../lib/gcc/arm-none-eabi/4.7.2/thumb2/crtbegin.o
                0x0000000000000bbc                __dso_handle
 .data          0x0000000000000bc0       0x18 src/bus_detail.c.8.o
 .data          0x0000000000000bd8        0xc src/main.c.8.o
 .data          0x0000000000000be4       0x1c src/nearby_buses.c.8.o
 .data          0x0000000000000c00        0xc src/nearby_stops.c.8.o
 .data          0x0000000000000c0c        0x0 src/route_picker.c.8.o
 .data          0x0000000000000c0c        0x0 appinfo.auto.c.8.o
 .data          0x0000000000000c0c        0x0 /Users/mitch/pebble-dev/PebbleSDK-2.7/Pebble/lib/libpebble.a(tmpu_Elzfpebble.o)
 .data          0x0000000000000c0c        0x0 /Users/mitch/pebble-dev/PebbleSDK-2.7/arm-cs-tools/bin/../lib/gcc/arm-none-eabi/4.7.2/thumb2/crtend.o
 .data          0x0000000000000c0c        0x0 /Users/mitch/pebble-dev/PebbleSDK-2.7/arm-cs-tools/bin/../lib/gcc/arm-none-eabi/4.7.2/thumb2/crtn.o
 *(.data.*)

.igot.plt       0x0000000000000c0c        0x0
 .igot.plt      0x0000000000000000        0x0 /Users/mitch/pebble-dev/PebbleSDK-2.7/arm-cs-tools/bin/../lib/gcc/arm-none-eabi/4.7.2/thumb2/crtbegin.o

.got            0x0000000000000c0c        0x8
 .got           0x0000000000000c0c        0x8 /Users/mitch/pebble-dev/PebbleSDK-2.7/arm-cs-tools/bin/../lib/gcc/arm-none-eabi/4.7.2/thumb2/crtbegin.o

.got.plt        0x0000000000000c14        0xc
 .got.plt       0x0000000000000c14        0xc /Users/mitch/pebble-dev/PebbleSDK-2.7/arm-cs-tools/bin/../lib/gcc/arm-none-eabi/4.7.2/thumb2/crtbegin.o
                0x0000000000000c14                _GLOBAL_OFFSET_TABLE_

.bss            0x0000000000000c20     0x1e2c
 *(.bss)
 *(.bss.*)
 .bss.S         0x0000000000000c20      0x564 src/bus_detail.c.8.o
 .bss.S         0x0000000000001184       0x34 src/main.c.8.o
 .bss.S         0x00000000000011b8      0xde0 src/nearby_buses.c.8.o
 .bss.S         0x0000000000001f98      0xab4 src/nearby_stops.c.8.o

DISCARD
 libc.a(*)
 libm.a(*)
 libgcc.a(*)
 *(.eh_frame)
OUTPUT(/Users/mitch/dev/pebble/PebbleGRT/build/pebble-app.elf elf32-littlearm)

.ARM.attributes
                0x0000000000000000       0x27
 .ARM.attributes
                0x0000000000000000       0x19 /Users/mitch/pebble-dev/PebbleSDK-2.7/arm-cs-tools/bin/../lib/gcc/arm-none-eabi/4.7.2/thumb2/crti.o
 .ARM.attributes
                0x0000000000000019       0x29 /Users/mitch/pebble-dev/PebbleSDK-2.7/arm-cs-tools/bin/../lib/gcc/arm-none-eabi/4.7.2/thumb2/crtbegin.o
 .ARM.attributes
                0x0000000000000042       0x33 src/bus_detail.c.8.o
 .ARM.attributes
                0x0000000000000075       0x33 src/main.c.8.o
 .ARM.attributes
                0x00000000000000a8       0x33 src/nearby_buses.c.8.o
 .ARM.attributes
                0x00000000000000db       0x33 src/nearby_stops.c.8.o
 .ARM.attributes
                0x000000000000010e       0x33 src/route_picker.c.8.o
 .ARM.attributes
                0x0000000000000141       0x33 appinfo.auto.c.8.o
 .ARM.attributes
                0x0000000000000174       0x21 /Users/mitch/pebble-dev/PebbleSDK-2.7/Pebble/lib/libpebble.a(tmpu_Elzfpebble.o)
 .ARM.attributes
                0x0000000000000195       0x29 /Users/mitch/pebble-dev/PebbleSDK-2.7/arm-cs-tools/bin/../lib/gcc/arm-none-eabi/4.7.2/thumb2/crtend.o
 .ARM.attributes
                0x00000000000001be       0x19 /Users/mitch/pebble-dev/PebbleSDK-2.7/arm-cs-tools/bin/../lib/gcc/arm-none-eabi/4.7.2/thumb2/crtn.o

.comment        0x0000000000000000       0x4e
 .comment       0x0000000000000000       0x4e /Users/mitch/pebble-dev/PebbleSDK-2.7/arm-cs-tools/bin/../lib/gcc/arm-none-eabi/4.7.2/thumb2/crtbegin.o
                                         0x4f (size before relaxing)
 .comment       0x0000000000000000       0x4f src/bus_detail.c.8.o
 .comment       0x0000000000000000       0x4f src/main.c.8.o
 .comment       0x0000000000000000       0x4f src/nearby_buses.c.8.o
 .comment       0x0000000000000000       0x4f src/nearby_stops.c.8.o
 .comment       0x0000000000000000       0x4f src/route_picker.c.8.o
 .comment       0x0000000000000000       0x4f appinfo.auto.c.8.o
 .comment       0x0000000000000000       0x4f /Users/mitch/pebble-dev/PebbleSDK-2.7/arm-cs-tools/bin/../lib/gcc/arm-none-eabi/4.7.2/thumb2/crtend.o

.debug_info     0x0000000000000000     0x4369
 .debug_info    0x0000000000000000      0xe8f src/bus_detail.c.8.o
 .debug_info    0x0000000000000e8f      0x806 src/main.c.8.o
 .debug_info    0x0000000000001695      0xf33 src/nearby_buses.c.8.o
 .debug_info    0x00000000000025c8      0xe6b src/nearby_stops.c.8.o
 .debug_info    0x0000000000003433      0xc34 src/route_picker.c.8.o
 .debug_info    0x0000000000004067      0x302 appinfo.auto.c.8.o

.debug_abbrev   0x0000000000000000      0xf24
 .debug_abbrev  0x0000000000000000      0x2fb src/bus_detail.c.8.o
 .debug_abbrev  0x00000000000002fb      0x294 src/main.c.8.o
 .debug_abbrev  0x000000000000058f      0x31c src/nearby_buses.c.8.o
 .debug_abbrev  0x00000000000008ab      0x307 src/nearby_stops.c.8.o
 .debug_abbrev  0x0000000000000bb2      0x2d4 src/route_picker.c.8.o
 .debug_abbrev  0x0000000000000e86       0x9e appinfo.auto.c.8.o

.debug_loc      0x0000000000000000      0xb2e
 .debug_loc     0x0000000000000000      0x2ad src/bus_detail.c.8.o
 .debug_loc     0x00000000000002ad       0xc0 src/main.c.8.o
 .debug_loc     0x000000000000036d      0x310 src/nearby_buses.c.8.o
 .debug_loc     0x000000000000067d      0x307 src/nearby_stops.c.8.o
 .debug_loc     0x0000000000000984      0x1aa src/route_picker.c.8.o

.debug_aranges  0x0000000000000000      0x168
 .debug_aranges
                0x0000000000000000       0x38 src/bus_detail.c.8.o
 .debug_aranges
                0x0000000000000038       0x30 src/main.c.8.o
 .debug_aranges
                0x0000000000000068       0x60 src/nearby_buses.c.8.o
 .debug_aranges
                0x00000000000000c8       0x50 src/nearby_stops.c.8.o
 .debug_aranges
                0x0000000000000118       0x38 src/route_picker.c.8.o
 .debug_aranges
                0x0000000000000150       0x18 appinfo.auto.c.8.o

.debug_ranges   0x0000000000000000      0x1b0
 .debug_ranges  0x0000000000000000       0x48 src/bus_detail.c.8.o
 .debug_ranges  0x0000000000000048       0x40 src/main.c.8.o
 .debug_ranges  0x0000000000000088       0x88 src/nearby_buses.c.8.o
 .debug_ranges  0x0000000000000110       0x78 src/nearby_stops.c.8.o
 .debug_ranges  0x0000000000000188       0x28 src/route_picker.c.8.o

.debug_line     0x0000000000000000      0xbc6
 .debug_line    0x0000000000000000      0x264 src/bus_detail.c.8.o
 .debug_line    0x0000000000000264      0x153 src/main.c.8.o
 .debug_line    0x00000000000003b7      0x2f0 src/nearby_buses.c.8.o
 .debug_line    0x00000000000006a7      0x28d src/nearby_stops.c.8.o
 .debug_line    0x0000000000000934      0x176 src/route_picker.c.8.o
 .debug_line    0x0000000000000aaa      0x11c appinfo.auto.c.8.o

.debug_str      0x0000000000000000      0xeae
 .debug_str     0x0000000000000000      0x7e6 src/bus_detail.c.8.o
                                        0x8c6 (size before relaxing)
 .debug_str     0x00000000000007e6       0xb0 src/main.c.8.o
                                        0x535 (size before relaxing)
 .debug_str     0x0000000000000896      0x1d3 src/nearby_buses.c.8.o
                                        0x932 (size before relaxing)
 .debug_str     0x0000000000000a69      0x1fd src/nearby_stops.c.8.o
                                        0x9a3 (size before relaxing)
 .debug_str     0x0000000000000c66       0xcc src/route_picker.c.8.o
                                        0x852 (size before relaxing)
 .debug_str     0x0000000000000d32      0x17c appinfo.auto.c.8.o
                                        0x26d (size before relaxing)

.debug_frame    0x0000000000000000      0x35c
 .debug_frame   0x0000000000000000       0x98 src/bus_detail.c.8.o
 .debug_frame   0x0000000000000098       0x60 src/main.c.8.o
 .debug_frame   0x00000000000000f8      0x114 src/nearby_buses.c.8.o
 .debug_frame   0x000000000000020c       0xd4 src/nearby_stops.c.8.o
 .debug_frame   0x00000000000002e0       0x7c src/route_picker.c.8.o
